@3030
D=A
@SP
M=M+1
A=M-1
M=D
@SP
M=M-1
A=M
D=M
@THIS
M=D
@3040
D=A
@SP
M=M+1
A=M-1
M=D
@SP
M=M-1
A=M
D=M
@THAT
M=D
@32
D=A
@SP
M=M+1
A=M-1
M=D
@2
D=A
@THIS
A=M+D
D=A
@R13
M=D
@SP
M=M-1
A=M
D=M
@R13
A=M
M=D
@46
D=A
@SP
M=M+1
A=M-1
M=D
@6
D=A
@THAT
A=M+D
D=A
@R13
M=D
@SP
M=M-1
A=M
D=M
@R13
A=M
M=D
@THIS
D=M
@SP
M=M+1
A=M-1
M=D
@THAT
D=M
@SP
M=M+1
A=M-1
M=D
@SP
A=M-1
D=M
A=A-1
D=M+D
M=D
D=A
@SP
M=D+1
@2
D=A
@THIS
A=M+D
D=M
@SP
M=M+1
A=M-1
M=D
@SP
A=M-1
D=M
A=A-1
D=M-D
M=D
D=A
@SP
M=D+1
@6
D=A
@THAT
A=M+D
D=M
@SP
M=M+1
A=M-1
M=D
@SP
A=M-1
D=M
A=A-1
D=M+D
M=D
D=A
@SP
M=D+1
